*********************************************************************
* LD Score Regression (LDSC)
* Version 1.0.1
* (C) 2014-2019 Brendan Bulik-Sullivan and Hilary Finucane
* Broad Institute of MIT and Harvard / MIT Department of Mathematics
* GNU General Public License v3
*********************************************************************
Call: 
./ldsc.py \
--ref-ld-chr /home/lilab/reference/eas_ldscores/ \
--out ./Asthma/Asthma.auto-DEP_EAS_ourHan_dosage_allCovar_addTPMI_rg \
--rg ./Asthma/Asthma.auto.sumstats.gz,sorted_meta_mdd2023diverse_EAS_Neff-ourHan_l-r_dosage_allCovar-TPMI_mdd.Diff-Model.I85.LDSC.sumstats.gz \
--w-ld-chr /home/lilab/reference/eas_ldscores/ 

Beginning analysis at Mon Jul 13 13:21:29 2026
Reading summary statistics from ./Asthma/Asthma.auto.sumstats.gz ...
Read summary statistics for 5443910 SNPs.
Reading reference panel LD Score from /home/lilab/reference/eas_ldscores/[1-22] ... (ldscore_fromlist)
Read reference panel LD Scores for 1208050 SNPs.
Removing partitioned LD Scores with zero variance.
Reading regression weight LD Score from /home/lilab/reference/eas_ldscores/[1-22] ... (ldscore_fromlist)
Read regression weight LD Scores for 1208050 SNPs.
After merging with reference panel LD, 1024135 SNPs remain.
After merging with regression SNP LD, 1024135 SNPs remain.
Computing rg for phenotype 2/2
Reading summary statistics from sorted_meta_mdd2023diverse_EAS_Neff-ourHan_l-r_dosage_allCovar-TPMI_mdd.Diff-Model.I85.LDSC.sumstats.gz ...
Read summary statistics for 5427433 SNPs.
After merging with summary statistics, 992021 SNPs remain.
992021 SNPs with valid alleles.

Heritability of phenotype 1
---------------------------
Total Observed scale h2: 0.0212 (0.003)
Lambda GC: 1.0772
Mean Chi^2: 1.1032
Intercept: 1.0101 (0.0085)
Ratio: 0.0981 (0.0821)

Heritability of phenotype 2/2
-----------------------------
Total Observed scale h2: 0.0059 (0.0009)
Lambda GC: 1.0466
Mean Chi^2: 1.0442
Intercept: 0.9771 (0.0072)
Ratio < 0 (usually indicates GC correction).

Genetic Covariance
------------------
Total Observed scale gencov: 6.2429e-05 (0.001)
Mean z1*z2: 0.0093
Intercept: 0.0092 (0.0044)

Genetic Correlation
-------------------
Genetic Correlation: 0.0056 (0.089)
Z-score: 0.0628
P: 0.9499


Summary of Genetic Correlation Results
                               p1                                                                                                       p2      rg     se       z       p  h2_obs  h2_obs_se  h2_int  h2_int_se  gcov_int  gcov_int_se
 ./Asthma/Asthma.auto.sumstats.gz  sorted_meta_mdd2023diverse_EAS_Neff-ourHan_l-r_dosage_allCovar-TPMI_mdd.Diff-Model.I85.LDSC.sumstats.gz  0.0056  0.089  0.0628  0.9499  0.0059     0.0009  0.9771     0.0072    0.0092       0.0044

Analysis finished at Mon Jul 13 13:21:58 2026
Total time elapsed: 28.53s
