*********************************************************************
* LD Score Regression (LDSC)
* Version 1.0.1
* (C) 2014-2019 Brendan Bulik-Sullivan and Hilary Finucane
* Broad Institute of MIT and Harvard / MIT Department of Mathematics
* GNU General Public License v3
*********************************************************************
Call: 
./ldsc.py \
--ref-ld-chr /home/lilab/zhangchuyi/1.GWAS/ref/ldsc/1000G_Phase3_LDSC/eas_ldscores/ \
--out /me4012/zcy/1.GWAS/11.ALL_ASA_MDD_CTRL/FuDan_imputation/Final_Sample_forNHB_202509/NC_revision/LDSC/addTPMI_dosage/new_TPMI/new_DEP-dep_dosage-EAS_Asthma_495.saige \
--rg Asthma_495.saige.hg19.addrsID.LDSC.sumstats.gz,/me4012/zcy/1.GWAS/11.ALL_ASA_MDD_CTRL/FuDan_imputation/Final_Sample_forNHB_202509/NC_revision/dosage_genotype/gwas_and_meta/finalVersion_add_TPMI/sorted_meta_mdd2023diverse_EAS_Neff-ourHan_l-r_dosage_allCovar-TPMI_mdd.Diff-Model.I85.LDSC.sumstats.gz \
--w-ld-chr /home/lilab/zhangchuyi/1.GWAS/ref/ldsc/1000G_Phase3_LDSC/eas_ldscores/ 

Beginning analysis at Wed Jul 29 14:58:53 2026
Reading summary statistics from Asthma_495.saige.hg19.addrsID.LDSC.sumstats.gz ...
Read summary statistics for 6095802 SNPs.
Reading reference panel LD Score from /home/lilab/zhangchuyi/1.GWAS/ref/ldsc/1000G_Phase3_LDSC/eas_ldscores/[1-22] ... (ldscore_fromlist)
Read reference panel LD Scores for 1208050 SNPs.
Removing partitioned LD Scores with zero variance.
Reading regression weight LD Score from /home/lilab/zhangchuyi/1.GWAS/ref/ldsc/1000G_Phase3_LDSC/eas_ldscores/[1-22] ... (ldscore_fromlist)
Read regression weight LD Scores for 1208050 SNPs.
After merging with reference panel LD, 1036346 SNPs remain.
After merging with regression SNP LD, 1036346 SNPs remain.
Computing rg for phenotype 2/2
Reading summary statistics from /me4012/zcy/1.GWAS/11.ALL_ASA_MDD_CTRL/FuDan_imputation/Final_Sample_forNHB_202509/NC_revision/dosage_genotype/gwas_and_meta/finalVersion_add_TPMI/sorted_meta_mdd2023diverse_EAS_Neff-ourHan_l-r_dosage_allCovar-TPMI_mdd.Diff-Model.I85.LDSC.sumstats.gz ...
Read summary statistics for 5427433 SNPs.
After merging with summary statistics, 1014291 SNPs remain.
1014291 SNPs with valid alleles.

Heritability of phenotype 1
---------------------------
Total Observed scale h2: 0.0033 (0.0015)
Lambda GC: 1.0016
Mean Chi^2: 1.0022
Intercept: 0.9804 (0.0071)
Ratio < 0 (usually indicates GC correction).

Heritability of phenotype 2/2
-----------------------------
Total Observed scale h2: 0.006 (0.0009)
Lambda GC: 1.0466
Mean Chi^2: 1.0427
Intercept: 0.975 (0.0068)
Ratio < 0 (usually indicates GC correction).

Genetic Covariance
------------------
Total Observed scale gencov: 0.0019 (0.0007)
Mean z1*z2: 0.0312
Intercept: 0.015 (0.0043)

Genetic Correlation
-------------------
Genetic Correlation: 0.418 (0.1899)
Z-score: 2.2015
P: 0.0277


Summary of Genetic Correlation Results
p1                                                                                                                                                                                                                                                          p2     rg      se       z       p  h2_obs  h2_obs_se  h2_int  h2_int_se  gcov_int  gcov_int_se
Asthma_495.saige.hg19.addrsID.LDSC.sumstats.gz  /me4012/zcy/1.GWAS/11.ALL_ASA_MDD_CTRL/FuDan_imputation/Final_Sample_forNHB_202509/NC_revision/dosage_genotype/gwas_and_meta/finalVersion_add_TPMI/sorted_meta_mdd2023diverse_EAS_Neff-ourHan_l-r_dosage_allCovar-TPMI_mdd.Diff-Model.I85.LDSC.sumstats.gz  0.418  0.1899  2.2015  0.0277   0.006     0.0009   0.975     0.0068     0.015       0.0043

Analysis finished at Wed Jul 29 14:59:46 2026
Total time elapsed: 52.27s
