PLINK v1.90b6.20 64-bit (21 Sep 2020)
Options in effect:
  --bfile {path_to_work_dir}/Merge_FuDan_6021MDD_7318ctrl.indqc.snpqc.hg38.R2_03.snpqc.rmUnmap.rm-misCHR.rmDup.hg19
  --clump sorted_meta_mdd2023diverse_EAS_Neff-ourHan_l-r_dosage_allCovar-TPMI_mdd.Diff-Model.I85.meta
  --clump-field P
  --clump-kb 500
  --clump-p1 5e-6
  --clump-r2 0.1
  --clump-snp-field SNP
  --out sorted_meta_mdd2023diverse_EAS_Neff-ourHan_l-r_dosage_allCovar-TPMI_mdd.Diff-Model.I85.independent

Hostname: liminglab-PowerEdge-R930
Working directory: {path_to_work_dir}/dosage_genotype/gwas_and_meta/finalVersion_add_TPMI
Start time: Tue Jul 28 15:09:42 2026

Random number seed: 1785222582
515870 MB RAM detected; reserving 257935 MB for main workspace.
7174013 variants loaded from .bim file.
13339 people (5501 males, 7838 females) loaded from .fam.
13339 phenotype values loaded from .fam.
Using 1 thread (no multithreaded calculations invoked).
Before main variant filters, 13339 founders and 0 nonfounders present.
Calculating allele frequencies... done.
7174013 variants and 13339 people pass filters and QC.
Among remaining phenotypes, 6021 are cases and 7318 are controls.
--clump: 11 clumps formed from 86 top variants.
Results written to
sorted_meta_mdd2023diverse_EAS_Neff-ourHan_l-r_dosage_allCovar-TPMI_mdd.Diff-Model.I85.independent.clumped
.

End time: Tue Jul 28 15:10:17 2026
