Welcome to MAGMA v1.10 (linux)
Using flags:
	--gene-results sorted_meta_mdd2023diverse_EAS_Neff-ourHan_l-r_dosage_allCovar-TPMI_mdd.Diff-Model.I85.MAGMAdefault.entrezID.genes.raw
	--set-annot /home/lilab/zhangchu1/1.GWAS/MAGMA_Celltype_Enrich/2023Science_human_prenatal-postnatal_cortical_development/Mean_years10_20/MAGMA/top10.txt
	--out DEP_EAS_NCrevison_dosage_allCovar_I85-cortical_development_Mean_years10_20.enrich

Start time is 17:59:50, Monday 27 Jul 2026

Reading file sorted_meta_mdd2023diverse_EAS_Neff-ourHan_l-r_dosage_allCovar-TPMI_mdd.Diff-Model.I85.MAGMAdefault.entrezID.genes.raw... 
	55230 genes read from file
Loading gene-set annotation...
Reading file /home/lilab/zhangchu1/1.GWAS/MAGMA_Celltype_Enrich/2023Science_human_prenatal-postnatal_cortical_development/Mean_years10_20/MAGMA/top10.txt... 
	9 gene-set definitions read from file
	found 9 gene sets containing genes defined in genotype data (containing a total of 9152 unique genes)
Preparing variables for analysis...
	truncating Z-scores 3 points below zero or 6 standard deviations above the mean
	truncating covariate values more than 5 standard deviations from the mean
	total variables available for analysis: 9 gene sets

Parsing model specifications...
Inverting gene-gene correlation matrix...
Performing regression analysis...
	testing direction: one-sided, positive (sets), two-sided (covar)
	conditioning on internal variables:
		gene size, log(gene size)
		gene density, log(gene density)
		sample size, log(sample size)
		inverse mac, log(inverse mac)
	analysing individual variables

	analysing single-variable models (number of models: 9)
	writing results to file DEP_EAS_NCrevison_dosage_allCovar_I85-cortical_development_Mean_years10_20.enrich.gsa.out
	writing gene information to file DEP_EAS_NCrevison_dosage_allCovar_I85-cortical_development_Mean_years10_20.enrich.gsa.genes.out
	writing gene analysis results per significant result (after multiple testing correction, at alpha = 0.05) to file DEP_EAS_NCrevison_dosage_allCovar_I85-cortical_development_Mean_years10_20.enrich.gsa.sets.genes.out

End time is 18:08:11, Monday 27 Jul 2026 (elapsed: 00:08:21)
