Welcome to MAGMA v1.10 (linux)
Using flags:
	--bfile /home/lilab/reference/1000G_MAGMA_ref/g1000_eas
	--pval dosage_genotype/gwas_and_meta/finalVersion_add_TPMI/sorted_meta_mdd2023diverse_EAS_Neff-ourHan_l-r_dosage_allCovar-TPMI_mdd.Diff-Model.I85.meta use=SNP,P ncol=Neff
	--gene-annot /home/lilab/software/H-MAGMA/Input_Files/MAGMAdefault.genes.annot
	--out MAGMA_PoPS/sorted_meta_mdd2023diverse_EAS_Neff-ourHan_l-r_dosage_allCovar-TPMI_mdd.Diff-Model.I85

Start time is 10:27:32, Friday 17 Jul 2026

Loading PLINK-format data...
Reading file /home/lilab/reference/1000G_MAGMA_ref/g1000_eas.fam... 504 individuals read
Reading file /home/lilab/reference/1000G_MAGMA_ref/g1000_eas.bim... 22263023 SNPs read
Preparing file /home/lilab/reference/1000G_MAGMA_ref/g1000_eas.bed... 

Reading SNP synonyms from file /home/lilab/reference/1000G_MAGMA_ref/g1000_eas.synonyms (auto-detected)
	read 5575859 mapped synonyms from file, mapping to 3594051 SNPs in the data
	WARNING: detected 119 synonymous SNP pairs in the data
	         skipped all synonym entries involved, synonymous SNPs are kept in analysis
	         writing list of detected synonyms in data to supplementary log file
Reading SNP p-values from file dosage_genotype/gwas_and_meta/finalVersion_add_TPMI/sorted_meta_mdd2023diverse_EAS_Neff-ourHan_l-r_dosage_allCovar-TPMI_mdd.Diff-Model.I85.meta... 
	detected 14 variables in file
	using variable: SNP (SNP id)
	using variable: P (p-value)
	using variable: Neff (sample size; discarding SNPs with N < 50)
	read 6985824 lines from file, containing valid SNP p-values for 6943493 SNPs in data (99.39% of lines, 31.19% of SNPs in data)
Loading gene annotation from file /home/lilab/software/H-MAGMA/Input_Files/MAGMAdefault.genes.annot... 
	56737 gene definitions read from file
	found 55286 genes containing valid SNPs in genotype data


Starting gene analysis... 
	using model: SNPwise-mean
	writing gene analysis results to file MAGMA_PoPS/sorted_meta_mdd2023diverse_EAS_Neff-ourHan_l-r_dosage_allCovar-TPMI_mdd.Diff-Model.I85.genes.out
	writing intermediate output to file MAGMA_PoPS/sorted_meta_mdd2023diverse_EAS_Neff-ourHan_l-r_dosage_allCovar-TPMI_mdd.Diff-Model.I85.genes.raw


End time is 11:22:07, Friday 17 Jul 2026 (elapsed: 00:54:35)
